// Jest Snapshot v1, https://goo.gl/fbAQLP

exports[`examples/render-props renders expected count 1`] = `
<div>
  <h1>
    Count: 
    44
  </h1>
  <button
    onClick={[Function]}
  >
    +1
  </button>
  <button
    onClick={[Function]}
  >
    -1
  </button>
</div>
`;
