// Jest Snapshot v1, https://goo.gl/fbAQLP

exports[`examples/context renders count 1`] = `
<Context.Provider
  value={
    Object {
      "count": 43,
      "updateCount": [Function],
    }
  }
>
  <Unknown />
</Context.Provider>
`;
